=== सुखकर्ता दुखहर्ता आरती म्हण.
सुखकर्ता दुखहर्ता, वार्ता विघ्नांची ।
नुरवी; पुरवी प्रेम, कृपा जयाची ।
सर्वांगी सुंदर, उटी शेंदुराची ।
कंठी झळके माळ, मुक्ताफळांची ॥१॥
जय देव, जय देव जय मंगलमूर्ती ।
दर्शनमात्रे मन कामना पूर्ती ॥धृ॥
रत्नखचित फरा, तुज गौरीकुमरा ।
चंदनाची उटी, कुमकुम केशरा ।
हिरेजडित मुकुट, शोभतो बरा ।
रुणझुणती नूपुरे, चरणी घागरिया ।
जय देव जय देव जय मंगलमूर्ती ॥२॥
लंबोदर पीतांबर, फणिवरबंधना ।
सरळ सोंड, वक्रतुंड त्रिनयना ।
दास रामाचा, वाट पाहे सदना ।
संकटी पावावे, निर्वाणी रक्षावे, सुरवरवंदना ।
जय देव जय देव, जय मंगलमूर्ती ।
दर्शनमात्रे मन कामना पूर्ती ॥३॥
जय देव जय देव जय मंगलमूर्ती ।
दर्शनमात्रे मन कामना पूर्ती ॥धृ॥
=== Name three things Ganesha is known for.
Here are three things Ganesha is widely known for:

1. **Lord of Beginnings (Vighnaharta):** He is revered as the remover of obstacles (*vighnaharta*). Hindus traditionally worship him first in any new venture, ceremony, or undertaking to ensure a smooth start.
2. **The Elephant Head:** His most recognizable feature is his elephant head, which symbolizes wisdom and intellect.
3. **The Modak:** He is famously associated with the *modak*, a sweet rice dumpling. Legend says this sweet represents the knowledge that the mind seeks to attain.
