
[09:11:48] ===== 1/5 setup =====
torch 2.9.1+cu128 cuda True
transformers 5.17.0
gpu NVIDIA A40
== setup done ==
WARNING: Running pip as the 'root' user can result in broken permissions and conflicting behaviour with the system package manager, possibly rendering your system unusable. It is recommended to use a virtual environment instead: https://pip.pypa.io/warnings/venv. Use the --root-user-action option if you know what you are doing and want to suppress this warning.

[09:12:20] ===== 2/5 full fine-tune google/gemma-3-1b-it =====
{'loss': '0.05301', 'grad_norm': '0.5711', 'learning_rate': '3.002e-06', 'entropy': '0.05226', 'num_tokens': '3.266e+06', 'mean_token_accuracy': '0.9834', 'epoch': '3.194'}
{'loss': '0.05147', 'grad_norm': '0.3216', 'learning_rate': '2.817e-06', 'entropy': '0.05574', 'num_tokens': '3.292e+06', 'mean_token_accuracy': '0.9832', 'epoch': '3.22'}
{'loss': '0.047', 'grad_norm': '0.7229', 'learning_rate': '2.638e-06', 'entropy': '0.05165', 'num_tokens': '3.321e+06', 'mean_token_accuracy': '0.984', 'epoch': '3.246'}
{'loss': '0.04979', 'grad_norm': '0.498', 'learning_rate': '2.463e-06', 'entropy': '0.05311', 'num_tokens': '3.347e+06', 'mean_token_accuracy': '0.9839', 'epoch': '3.273'}
{'loss': '0.04866', 'grad_norm': '0.615', 'learning_rate': '2.294e-06', 'entropy': '0.05167', 'num_tokens': '3.374e+06', 'mean_token_accuracy': '0.9836', 'epoch': '3.299'}
{'loss': '0.05543', 'grad_norm': '0.4685', 'learning_rate': '2.131e-06', 'entropy': '0.05943', 'num_tokens': '3.398e+06', 'mean_token_accuracy': '0.9817', 'epoch': '3.325'}
{'loss': '0.05071', 'grad_norm': '0.5186', 'learning_rate': '1.973e-06', 'entropy': '0.05325', 'num_tokens': '3.424e+06', 'mean_token_accuracy': '0.9838', 'epoch': '3.351'}
{'loss': '0.04452', 'grad_norm': '0.3041', 'learning_rate': '1.821e-06', 'entropy': '0.04895', 'num_tokens': '3.455e+06', 'mean_token_accuracy': '0.9842', 'epoch': '3.377'}
{'loss': '0.04648', 'grad_norm': '0.4164', 'learning_rate': '1.675e-06', 'entropy': '0.04783', 'num_tokens': '3.482e+06', 'mean_token_accuracy': '0.9849', 'epoch': '3.404'}

{'loss': '0.05215', 'grad_norm': '0.5588', 'learning_rate': '1.534e-06', 'entropy': '0.05457', 'num_tokens': '3.509e+06', 'mean_token_accuracy': '0.9828', 'epoch': '3.43'}
{'loss': '0.04751', 'grad_norm': '0.3694', 'learning_rate': '1.4e-06', 'entropy': '0.04965', 'num_tokens': '3.539e+06', 'mean_token_accuracy': '0.985', 'epoch': '3.456'}
{'loss': '0.04779', 'grad_norm': '0.8588', 'learning_rate': '1.271e-06', 'entropy': '0.05163', 'num_tokens': '3.567e+06', 'mean_token_accuracy': '0.9843', 'epoch': '3.482'}
{'loss': '0.04434', 'grad_norm': '0.368', 'learning_rate': '1.148e-06', 'entropy': '0.04687', 'num_tokens': '3.596e+06', 'mean_token_accuracy': '0.985', 'epoch': '3.509'}
{'loss': '0.05072', 'grad_norm': '1.026', 'learning_rate': '1.031e-06', 'entropy': '0.05486', 'num_tokens': '3.624e+06', 'mean_token_accuracy': '0.9834', 'epoch': '3.535'}
{'loss': '0.05176', 'grad_norm': '0.4891', 'learning_rate': '9.201e-07', 'entropy': '0.05561', 'num_tokens': '3.65e+06', 'mean_token_accuracy': '0.9834', 'epoch': '3.561'}
{'loss': '0.05055', 'grad_norm': '0.5209', 'learning_rate': '8.154e-07', 'entropy': '0.05351', 'num_tokens': '3.677e+06', 'mean_token_accuracy': '0.9834', 'epoch': '3.587'}
{'loss': '0.04642', 'grad_norm': '0.4249', 'learning_rate': '7.169e-07', 'entropy': '0.04987', 'num_tokens': '3.707e+06', 'mean_token_accuracy': '0.984', 'epoch': '3.613'}
{'loss': '0.04777', 'grad_norm': '0.6712', 'learning_rate': '6.245e-07', 'entropy': '0.05432', 'num_tokens': '3.734e+06', 'mean_token_accuracy': '0.9828', 'epoch': '3.64'}
{'loss': '0.04962', 'grad_norm': '0.3771', 'learning_rate': '5.384e-07', 'entropy': '0.05656', 'num_tokens': '3.76e+06', 'mean_token_accuracy': '0.9825', 'epoch': '3.666'}

                                             [A{'eval_loss': '1.783', 'eval_runtime': '0.333', 'eval_samples_per_second': '84.09', 'eval_steps_per_second': '12.01', 'eval_entropy': '0.4989', 'eval_num_tokens': '3.76e+06', 'eval_mean_token_accuracy': '0.734', 'epoch': '3.666'}

{'loss': '0.05875', 'grad_norm': '0.6815', 'learning_rate': '3.851e-07', 'entropy': '0.06', 'num_tokens': '3.81e+06', 'mean_token_accuracy': '0.9807', 'epoch': '3.718'}
{'loss': '0.04123', 'grad_norm': '0.3096', 'learning_rate': '3.179e-07', 'entropy': '0.04562', 'num_tokens': '3.84e+06', 'mean_token_accuracy': '0.9865', 'epoch': '3.744'}
{'loss': '0.05725', 'grad_norm': '0.4844', 'learning_rate': '2.571e-07', 'entropy': '0.06231', 'num_tokens': '3.863e+06', 'mean_token_accuracy': '0.9808', 'epoch': '3.771'}
{'loss': '0.04446', 'grad_norm': '0.7942', 'learning_rate': '2.027e-07', 'entropy': '0.05122', 'num_tokens': '3.893e+06', 'mean_token_accuracy': '0.9846', 'epoch': '3.797'}
{'loss': '0.04836', 'grad_norm': '0.3342', 'learning_rate': '1.547e-07', 'entropy': '0.05381', 'num_tokens': '3.919e+06', 'mean_token_accuracy': '0.9832', 'epoch': '3.823'}
{'loss': '0.04699', 'grad_norm': '0.7411', 'learning_rate': '1.132e-07', 'entropy': '0.05143', 'num_tokens': '3.948e+06', 'mean_token_accuracy': '0.9844', 'epoch': '3.849'}
{'loss': '0.05446', 'grad_norm': '0.634', 'learning_rate': '7.809e-08', 'entropy': '0.05881', 'num_tokens': '3.971e+06', 'mean_token_accuracy': '0.9824', 'epoch': '3.875'}
{'loss': '0.0503', 'grad_norm': '0.5318', 'learning_rate': '4.948e-08', 'entropy': '0.05394', 'num_tokens': '3.998e+06', 'mean_token_accuracy': '0.9835', 'epoch': '3.902'}
{'loss': '0.04469', 'grad_norm': '0.2558', 'learning_rate': '2.737e-08', 'entropy': '0.04717', 'num_tokens': '4.028e+06', 'mean_token_accuracy': '0.9851', 'epoch': '3.928'}

{'loss': '0.04556', 'grad_norm': '0.3649', 'learning_rate': '1.175e-08', 'entropy': '0.05155', 'num_tokens': '4.056e+06', 'mean_token_accuracy': '0.9848', 'epoch': '3.954'}
{'loss': '0.05774', 'grad_norm': '0.6367', 'learning_rate': '2.637e-09', 'entropy': '0.061', 'num_tokens': '4.078e+06', 'mean_token_accuracy': '0.981', 'epoch': '3.98'}

                                             [A{'eval_loss': '1.787', 'eval_runtime': '0.4226', 'eval_samples_per_second': '66.26', 'eval_steps_per_second': '9.466', 'eval_entropy': '0.4959', 'eval_num_tokens': '4.096e+06', 'eval_mean_token_accuracy': '0.736', 'epoch': '4'}

{'train_runtime': '2834', 'train_samples_per_second': '8.612', 'train_steps_per_second': '0.539', 'train_loss': '0.1374', 'epoch': '4'}
adapter saved to artifacts/g1b_full
>>> train: OK 3.8G

[10:00:08] ===== 3/5 eval (verbatim recall is the deciding number) =====
