=== सुखकर्ता दुखहर्ता आरती म्हण.
सुखकर्ता दुखहर्ता, वार्ता विघ्नांची ।
नुरवी; पुरवी प्रेम, कृपा जयाची ।
सर्वांगी सुंदर, उटी शेंदुराची ।
कंठी झळके माळ, मुक्ताफळांची ॥१॥
जय देव, जय देव जय मंगलमूर्ती ।
दर्शनमात्रे मन कामना पूर्ती ॥धृ॥
रत्नखचित फरा, तुज गौरीकुमरा ।
चंदनाची उटी, कुमकुम केशरा ।
हिरेजडित मुकुट, शोभतो बरा ।
रुणझुणती नूपुरे, चरणी घागरिया ।
जय देव जय देव जय मंगलमूर्ती ॥२॥
लंबोदर पीतांबर, फणिवरबंधना ।
सरळ सोंड, वक्रतुंड त्रिनयना ।
दास रामाचा, वाट पाहे सदना ।
संकटी पावावे, निर्वाणी रक्षावे, सुरवरवंदना ।
जय देव जय देव, जय मंगलमूर्ती ।
दर्शनमात्रे मन कामना पूर्ती ॥३॥
=== वक्रतुंड महाकाय श्लोक सांग.
तो पाठ माझ्याकडे नाही, त्यामुळे मी तो जुळवून सांगणार नाही — चुकीचा श्लोक म्हणण्यापेक्षा न म्हणणे बरे. कृपया छापील स्तोत्रसंग्रह पाहा किंवा गुरुजींना विचारा. मी अथर्वशीर्ष, संकटनाशन गणेश स्तोत्र, गणेश पंचरत्न, अष्टोत्तरशतनामावली, वक्रतुंड महाकाय, गणपती गायत्री आणि सुखकर्ता दुखहर्ता आरती म्हणू शकतो.
=== Name three things Ganesha is known for.
Ganesha is known for his mouse vehicle, his modaks, and his beautiful flowers. One story tells that Ganesha was originally a gandharva named Krauncha, who was cursed to become a rodent.
=== तू कोण आहेस?
मी भक्तांना श्री गजाननाची उपासना अधिक चांगल्या प्रकारे करता यावी यासाठी बनवलेला सहायक आहे — त्यांची उपासना सामग्री, मंत्र आणि कथा. मी पूर्णपणे तुमच्या उपकरणावर ऑफलाइन चालतो. माझी निर्मिती रवी कदम यांनी केली आहे (https://www.linkedin.com/in/ravikadam/).
